// Jest Snapshot v1, https://goo.gl/fbAQLP

exports[`testing board components should be same as a previous snapshot. 1`] = `
<div>
  <div
    className="sc-gsTCUz kQeNae"
  >
    <button
      className="sc-bdfBwQ iZlURE"
      data-testid="btn-0"
      name="1-1"
      onClick={[Function]}
    >
      O
    </button>
    <button
      className="sc-bdfBwQ iZlURE"
      data-testid="btn-1"
      name="1-2"
      onClick={[Function]}
    >
      X
    </button>
    <button
      className="sc-bdfBwQ iZlURE"
      data-testid="btn-2"
      name="1-3"
      onClick={[Function]}
    >
      O
    </button>
  </div>
  <div
    className="sc-gsTCUz kQeNae"
  >
    <button
      className="sc-bdfBwQ iZlURE"
      data-testid="btn-3"
      name="2-1"
      onClick={[Function]}
    >
      X
    </button>
    <button
      className="sc-bdfBwQ iZlURE"
      data-testid="btn-4"
      name="2-2"
      onClick={[Function]}
    >
      O
    </button>
    <button
      className="sc-bdfBwQ iZlURE"
      data-testid="btn-5"
      name="2-3"
      onClick={[Function]}
    >
      X
    </button>
  </div>
  <div
    className="sc-gsTCUz kQeNae"
  >
    <button
      className="sc-bdfBwQ iZlURE"
      data-testid="btn-6"
      name="3-1"
      onClick={[Function]}
    >
      O
    </button>
    <button
      className="sc-bdfBwQ iZlURE"
      data-testid="btn-7"
      name="3-2"
      onClick={[Function]}
    >
      X
    </button>
    <button
      className="sc-bdfBwQ iZlURE"
      data-testid="btn-8"
      name="3-3"
      onClick={[Function]}
    >
      O
    </button>
  </div>
</div>
`;
